// Jest Snapshot v1, https://goo.gl/fbAQLP

exports[`<Button /> 랜더링된 버튼의 동작확인 1`] = `
.c0 {
  cursor: pointer;
  -webkit-transition: all 0.6s cubic-bezier(0.9,0.24,0.4,1);
  transition: all 0.6s cubic-bezier(0.9,0.24,0.4,1);
}

.c0:hover {
  box-shadow: inset 00px 100px 0px 0px #6098ff;
  color: #ffffff;
}

<div>
  <button
    class="c0"
  >
    test
  </button>
</div>
`;
